// Jest Snapshot v1, https://goo.gl/fbAQLP

exports[`<Controlss /> component should match the snapshot 1`] = `
<div>
  <section
    class="control"
  >
    <div
      class="control__action"
    >
      <p>
        Pair
      </p>
    </div>
    <div
      class="control__action"
    >
      <p>
        Save
      </p>
    </div>
    <div
      class="control__action"
    >
      <p>
        Cancel
      </p>
    </div>
  </section>
</div>
`;
